done D5 0
done S6w 0
done S6 0
done D5 32
done D5n 0
done S6w 32
done S6 32
done D5 64
done D5n 32
done S6w 64
done S6 64
done D5 96
done D5n 64
done S6w 96
done S6 96
done D5 128
done D5n 96
done S6w 128
done S6 128
done D5 160
done D5n 128
done S6w 160
done S6 160
done D5 192
done D5n 160
done S6w 192
done S6 192
done D5n 192
done D5 224
done S6w 224
done S6 224
done D5n 224
done D5 256
done S6w 256
done S6 256
done D5n 256
done D5 288
done S6w 288
done S6 288
done D5 320
done D5n 288
done S6w 320
done S6 320
done D5n 320
done D5 352
done S6w 352
done S6 352
done D5n 352
done D5 384
done S6w 384
done S6 384
done D5n 384
done D5 416
done S6w 416
done S6 416
done D5 448
done D5n 416
done S6w 448
done S6 448
done D5 480
done D5n 448
done S6w 480
done S6 480
done D5n 480
done D5 512
done S6w 512
done S6 512
done D5n 512
done D5 544
done S6w 544
done S6 544
done D5n 544
done D5 576
done S6w 576
done S6 576
done D5n 576
done D5 608
done S6w 608
done S6 608
done D5n 608
done D5 640
done S6w 640
done S6 640
done D5n 640
done D5 672
done S6w 672
done S6 672
done D5n 672
done D5 704
done S6w 704
done S6 704
done D5 736
done D5n 704
done S6w 736
done S6 736
done D5 768
done D5n 736
done S6w 768
done S6 768
done D5 800
done D5n 768
done S6w 800
done S6 800
done D5n 800
done D5 832
done S6w 832
done S6 832
done D5n 832
done D5 864
done S6w 864
done S6 864
done D5 896
done D5n 864
done S6w 896
done S6 896
done D5 928
done D5n 896
done S6w 928
done S6 928
done D5 960
done D5n 928
done S6w 960
done S6 960
done D5n 960
done D5 992
done S6w 992
done S6 992
done D5n 992
complete
