done A 17110001
done A 17110065
done A 17110193
done A 17110129
done A 17110321
done A 17110257
done A 17110385
done A 17110449
done A 17110577
done A 17110513
done A 17110641
done A 17110705
done A 17110769
done A 17110833
done A 17110897
done A 17110961
done B 17110065
done B 17110001
done B 17110129
done B 17110193
done B 17110257
done B 17110321
done B 17110449
done B 17110385
done B 17110513
done B 17110577
done B 17110641
done B 17110705
done B 17110833
done B 17110769
done B 17110897
done B 17110961
done C 17110001
done C 17110065
done C 17110129
done C 17110193
done C 17110257
done C 17110321
done C 17110385
done C 17110449
done C 17110513
done C 17110577
done C 17110641
done C 17110705
done C 17110769
done C 17110833
done C 17110897
done C 17110961
done D 17110001
done D 17110065
done D 17110129
done D 17110193
done D 17110257
done D 17110321
done D 17110385
done D 17110449
done D 17110577
done D 17110513
done D 17110641
done D 17110705
done D 17110769
done D 17110833
done D 17110897
done D 17110961
complete
